---
source: integ-tests/tests/parser.rs
expression: spans
---
note[string]: root_fruit_0_name
  ┌─ fruit:2:9
  │
2 │ name = "apple"
  │         ^^^^^

note[string]: root_fruit_0_physical_color
  ┌─ fruit:5:10
  │
5 │ color = "red"
  │          ^^^

note[string]: root_fruit_0_physical_shape
  ┌─ fruit:6:10
  │
6 │ shape = "round"
  │          ^^^^^

note[table]: root_fruit_0_physical
  ┌─ fruit:1:1
  │
1 │ [[fruit]]
  │ ^

note[string]: root_fruit_0_variety_0_name
  ┌─ fruit:9:9
  │
9 │ name = "red delicious"
  │         ^^^^^^^^^^^^^

note[table]: root_fruit_0_variety_0
  ┌─ fruit:1:1
  │
1 │ [[fruit]]
  │ ^

note[string]: root_fruit_0_variety_1_name
   ┌─ fruit:12:9
   │
12 │ name = "granny smith"
   │         ^^^^^^^^^^^^

note[table]: root_fruit_0_variety_1
  ┌─ fruit:1:1
  │
1 │ [[fruit]]
  │ ^

note[array]: root_fruit_0_variety
  ┌─ fruit:1:1
  │
1 │ [[fruit]]
  │ ^

note[table]: root_fruit_0
  ┌─ fruit:1:1
  │
1 │ [[fruit]]
  │ ^

note[string]: root_fruit_1_name
   ┌─ fruit:15:9
   │
15 │ name = "banana"
   │         ^^^^^^

note[string]: root_fruit_1_variety_0_name
   ┌─ fruit:18:9
   │
18 │ name = "plantain"
   │         ^^^^^^^^

note[table]: root_fruit_1_variety_0
  ┌─ fruit:1:1
  │
1 │ [[fruit]]
  │ ^

note[array]: root_fruit_1_variety
  ┌─ fruit:1:1
  │
1 │ [[fruit]]
  │ ^

note[table]: root_fruit_1
  ┌─ fruit:1:1
  │
1 │ [[fruit]]
  │ ^

note[array]: root_fruit
  ┌─ fruit:1:1
  │
1 │ [[fruit]]
  │ ^

note[table]: root
   ┌─ fruit:1:1
   │  
 1 │ ╭ [[fruit]]
 2 │ │ name = "apple"
 3 │ │ 
 4 │ │ [fruit.physical]
   · │
18 │ │ name = "plantain"
19 │ │ 
   │ ╰^


