---
source: integ-tests/tests/parser.rs
expression: spans
---
note[table]: root_foo_0_bar
  ┌─ tables_in_arrays:3:1
  │  
3 │ ╭ [foo.bar]
4 │ │ #…
  │ ╰^

note[table]: root_foo_0
  ┌─ tables_in_arrays:1:1
  │  
1 │ ╭ [[foo]]
2 │ │ #…
  │ ╰^

note[table]: root_foo_1_bar
  ┌─ tables_in_arrays:8:1
  │  
8 │ ╭ [foo.bar]
9 │ │ #...
  │ ╰^

note[table]: root_foo_1
  ┌─ tables_in_arrays:6:1
  │  
6 │ ╭ [[foo]] # ...
7 │ │ #…
  │ ╰^

note[array]: root_foo
  ┌─ tables_in_arrays:1:1
  │  
1 │ ╭ [[foo]]
2 │ │ #…
  │ ╰^

note[table]: root
   ┌─ tables_in_arrays:1:1
   │  
 1 │ ╭ [[foo]]
 2 │ │ #…
 3 │ │ [foo.bar]
 4 │ │ #…
   · │
 9 │ │ #...
10 │ │ 
   │ ╰^
