---
source: integ-tests/tests/parser.rs
expression: spans
---
note[string]: root_bar
  ┌─ literal_eats_crlf:3:10
  │  
3 │   bar = """\
  │ ╭──────────^
4 │ │    
5 │ │    
6 │ │    a"""
  │ ╰────^

note[string]: root_foo
  ┌─ literal_eats_crlf:1:10
  │  
1 │   foo = """\
  │ ╭──────────^
2 │ │ """
  │ ╰^

note[table]: root
  ┌─ literal_eats_crlf:1:1
  │  
1 │ ╭ foo = """\
2 │ │ """
3 │ │ bar = """\
4 │ │    
5 │ │    
6 │ │    a"""
  │ ╰───────^


