---
source: integ-tests/tests/valid.rs
expression: spans
---
note[integer]: root_arrays-and-ints_0
  ┌─ ints_and_arrays:1:21
  │
1 │ arrays-and-ints =  [1, ["Arrays are not integers."]]
  │                     ^

note[string]: root_arrays-and-ints_1_0
  ┌─ ints_and_arrays:1:26
  │
1 │ arrays-and-ints =  [1, ["Arrays are not integers."]]
  │                          ^^^^^^^^^^^^^^^^^^^^^^^^

note[array]: root_arrays-and-ints_1
  ┌─ ints_and_arrays:1:24
  │
1 │ arrays-and-ints =  [1, ["Arrays are not integers."]]
  │                        ^^^^^^^^^^^^^^^^^^^^^^^^^^^^

note[array]: root_arrays-and-ints
  ┌─ ints_and_arrays:1:20
  │
1 │ arrays-and-ints =  [1, ["Arrays are not integers."]]
  │                    ^^^^^^^^^^^^^^^^^^^^^^^^^^^^^^^^^

note[table]: root
  ┌─ ints_and_arrays:1:1
  │
1 │ arrays-and-ints =  [1, ["Arrays are not integers."]]
  │ ^^^^^^^^^^^^^^^^^^^^^^^^^^^^^^^^^^^^^^^^^^^^^^^^^^^^


