---
source: integ-tests/tests/valid.rs
expression: spans
---
note[integer]: root_ints_0
  ┌─ no_spaces:1:9
  │
1 │ ints = [1,2,3]
  │         ^

note[integer]: root_ints_1
  ┌─ no_spaces:1:11
  │
1 │ ints = [1,2,3]
  │           ^

note[integer]: root_ints_2
  ┌─ no_spaces:1:13
  │
1 │ ints = [1,2,3]
  │             ^

note[array]: root_ints
  ┌─ no_spaces:1:8
  │
1 │ ints = [1,2,3]
  │        ^^^^^^^

note[table]: root
  ┌─ no_spaces:1:1
  │
1 │ ints = [1,2,3]
  │ ^^^^^^^^^^^^^^


