---
source: integ-tests/tests/valid.rs
expression: spans
---
note[string]: root_people_0_first_name
  ┌─ array_many:3:15
  │
3 │ first_name = "Bruce"
  │               ^^^^^

note[string]: root_people_0_last_name
  ┌─ array_many:4:14
  │
4 │ last_name = "Springsteen"
  │              ^^^^^^^^^^^

note[table]: root_people_0
  ┌─ array_many:1:1
  │
1 │ 
  │ ^

note[string]: root_people_1_first_name
  ┌─ array_many:7:15
  │
7 │ first_name = "Eric"
  │               ^^^^

note[string]: root_people_1_last_name
  ┌─ array_many:8:14
  │
8 │ last_name = "Clapton"
  │              ^^^^^^^

note[table]: root_people_1
  ┌─ array_many:1:1
  │
1 │ 
  │ ^

note[string]: root_people_2_first_name
   ┌─ array_many:11:15
   │
11 │ first_name = "Bob"
   │               ^^^

note[string]: root_people_2_last_name
   ┌─ array_many:12:14
   │
12 │ last_name = "Seger"
   │              ^^^^^

note[table]: root_people_2
  ┌─ array_many:1:1
  │
1 │ 
  │ ^

note[array]: root_people
  ┌─ array_many:1:1
  │
1 │ 
  │ ^

note[table]: root
   ┌─ array_many:1:1
   │  
 1 │ ╭ 
 2 │ │ [[people]]
 3 │ │ first_name = "Bruce"
 4 │ │ last_name = "Springsteen"
   · │
12 │ │ last_name = "Seger"
13 │ │ 
   │ ╰^


