---
source: integ-tests/tests/valid.rs
expression: spans
---
note[integer]: root_ints-and-floats_0
  ┌─ ints_and_floats:1:20
  │
1 │ ints-and-floats = [1, 1.1]
  │                    ^

note[float]: root_ints-and-floats_1
  ┌─ ints_and_floats:1:23
  │
1 │ ints-and-floats = [1, 1.1]
  │                       ^^^

note[array]: root_ints-and-floats
  ┌─ ints_and_floats:1:19
  │
1 │ ints-and-floats = [1, 1.1]
  │                   ^^^^^^^^

note[table]: root
  ┌─ ints_and_floats:1:1
  │
1 │ ints-and-floats = [1, 1.1]
  │ ^^^^^^^^^^^^^^^^^^^^^^^^^^


