---
source: integ-tests/tests/valid.rs
expression: spans
---
note[string]: root_nest_0_0
  ┌─ nested:1:11
  │
1 │ nest = [["a"], ["b"]]
  │           ^

note[array]: root_nest_0
  ┌─ nested:1:9
  │
1 │ nest = [["a"], ["b"]]
  │         ^^^^^

note[string]: root_nest_1_0
  ┌─ nested:1:18
  │
1 │ nest = [["a"], ["b"]]
  │                  ^

note[array]: root_nest_1
  ┌─ nested:1:16
  │
1 │ nest = [["a"], ["b"]]
  │                ^^^^^

note[array]: root_nest
  ┌─ nested:1:8
  │
1 │ nest = [["a"], ["b"]]
  │        ^^^^^^^^^^^^^^

note[table]: root
  ┌─ nested:1:1
  │
1 │ nest = [["a"], ["b"]]
  │ ^^^^^^^^^^^^^^^^^^^^^


