---
source: integ-tests/tests/valid.rs
expression: spans
---
note[integer]: root_answer
  ┌─ integers:1:10
  │
1 │ answer = 42
  │          ^^

note[integer]: root_bin1
   ┌─ integers:17:8
   │
17 │ bin1 = 0b11010110
   │        ^^^^^^^^^^

note[integer]: root_hex1
  ┌─ integers:8:8
  │
8 │ hex1 = 0xDEADBEEF
  │        ^^^^^^^^^^

note[integer]: root_hex2
  ┌─ integers:9:8
  │
9 │ hex2 = 0xdeadbeef
  │        ^^^^^^^^^^

note[integer]: root_hex3
   ┌─ integers:10:8
   │
10 │ hex3 = 0xdead_beef
   │        ^^^^^^^^^^^

note[integer]: root_long-answer
   ┌─ integers:19:15
   │
19 │ long-answer = 9223372036854775807
   │               ^^^^^^^^^^^^^^^^^^^

note[integer]: root_long-neganswer
   ┌─ integers:20:18
   │
20 │ long-neganswer = -9223372036854775808
   │                  ^^^^^^^^^^^^^^^^^^^^

note[integer]: root_neg_zero
  ┌─ integers:4:12
  │
4 │ neg_zero = -0
  │            ^^

note[integer]: root_neganswer
  ┌─ integers:2:13
  │
2 │ neganswer = -42
  │             ^^^

note[integer]: root_oct1
   ┌─ integers:13:8
   │
13 │ oct1 = 0o01234567
   │        ^^^^^^^^^^

note[integer]: root_oct2
   ┌─ integers:14:8
   │
14 │ oct2 = 0o755      # useful for Unix file permissions
   │        ^^^^^

note[integer]: root_pos_zero
  ┌─ integers:5:12
  │
5 │ pos_zero = +0
  │            ^^

note[table]: root
   ┌─ integers:1:1
   │  
 1 │ ╭ answer = 42
 2 │ │ neganswer = -42
 3 │ │ 
 4 │ │ neg_zero = -0
   · │
20 │ │ long-neganswer = -9223372036854775808
21 │ │ 
   │ ╰^


