---
source: integ-tests/tests/valid.rs
expression: spans
---
note[array]: root_thevoid_0_0_0_0
  ┌─ empty:1:15
  │
1 │ thevoid = [[[[[]]]]]
  │               ^^

note[array]: root_thevoid_0_0_0
  ┌─ empty:1:14
  │
1 │ thevoid = [[[[[]]]]]
  │              ^^^^

note[array]: root_thevoid_0_0
  ┌─ empty:1:13
  │
1 │ thevoid = [[[[[]]]]]
  │             ^^^^^^

note[array]: root_thevoid_0
  ┌─ empty:1:12
  │
1 │ thevoid = [[[[[]]]]]
  │            ^^^^^^^^

note[array]: root_thevoid
  ┌─ empty:1:11
  │
1 │ thevoid = [[[[[]]]]]
  │           ^^^^^^^^^^

note[table]: root
  ┌─ empty:1:1
  │
1 │ thevoid = [[[[[]]]]]
  │ ^^^^^^^^^^^^^^^^^^^^


